---
source: src/lib.rs
expression: x

---
<path> [1] : <c4> : <leaf> 100
                [2]: <c4> : <leaf> 200
                      [3]: <c256> : <leaf> 300
                              [1]: <path> [4, 5, 6] : <leaf> 100
                              [2]: <path> [4, 5, 6] : <leaf> 200
                              [3]: <path> [4, 5, 6] : <leaf> 300
                              [4]: <c4> : <leaf> 400
                                    [4]: <path> [5, 6] : <leaf> 400
                                    [5]: <c4> : <leaf> 500
                                          [6]: <c4> : <leaf> 600
                                                [7]: <c4> : <leaf> 700
                                                      [8]: <c4> : <leaf> 800
                                                            [9]: <c4> : <leaf> 900
                                                                  [10]: <c4> : <leaf> 1000
                                                                        [11]: <c4> : <leaf> 1100
                                                                              [12]: <c4> : <leaf> 1200
                                                                                    [13]: <c4> : <leaf> 1300
                                                                                          [14]: <c4> : <leaf> 1400
                                                                                                [15]: <leaf> 1500
                              [5]: <path> [4, 5, 6] : <leaf> 500
                              [6]: <path> [4, 5, 6] : <leaf> 600
                              [7]: <path> [4, 5, 6] : <leaf> 700
                              [8]: <path> [4, 5, 6] : <leaf> 800
                              [9]: <path> [4, 5, 6] : <leaf> 900
                              [10]: <path> [4, 5, 6] : <leaf> 1000
                              [11]: <path> [4, 5, 6] : <leaf> 1100
                              [12]: <path> [4, 5, 6] : <leaf> 1200
                              [13]: <path> [4, 5, 6] : <leaf> 1300
                              [14]: <path> [4, 5, 6] : <leaf> 1400
                              [15]: <path> [4, 5, 6] : <leaf> 1500

