---
source: src/lib.rs
expression: x

---
<c256> : 
    [10]: <c4> : 
          [2]: <c4> : 
                [3]: <leaf> 1
                [4]: <leaf> 2
          [10]: <path> [5] : <leaf> 3
    [11]: <c4> : 
          [2]: <c4> : 
                [3]: <leaf> 1
                [4]: <leaf> 2
          [11]: <path> [5] : <leaf> 3
    [12]: <c4> : 
          [2]: <c4> : 
                [3]: <leaf> 1
                [4]: <leaf> 2
          [12]: <path> [5] : <leaf> 3
    [13]: <c4> : 
          [2]: <c4> : 
                [3]: <leaf> 1
                [4]: <leaf> 2
          [13]: <path> [5] : <leaf> 3
    [14]: <c4> : 
          [2]: <c4> : 
                [3]: <leaf> 1
                [4]: <leaf> 2
          [14]: <path> [5] : <leaf> 3
    [15]: <c4> : 
          [2]: <path> [4] : <leaf> 2
          [15]: <path> [5] : <leaf> 3
    [16]: <c4> : 
          [2]: <c4> : 
                [3]: <leaf> 1
                [4]: <leaf> 2
          [16]: <path> [5] : <leaf> 3
    [17]: <c4> : 
          [2]: <c4> : 
                [3]: <leaf> 1
                [4]: <leaf> 2
          [17]: <path> [5] : <leaf> 3
    [18]: <c4> : 
          [2]: <c4> : 
                [3]: <leaf> 1
                [4]: <leaf> 2
          [18]: <path> [5] : <leaf> 3
    [19]: <c4> : 
          [2]: <c4> : 
                [3]: <leaf> 1
                [4]: <leaf> 2
          [19]: <path> [5] : <leaf> 3

